\BOOKMARK [1][-]{Doc-Start}{\376\377\000L\036\335\000i\000\040\000c\036\243\000m\000\040\001\241\000n}{}% 1
\BOOKMARK [1][-]{Doc-Start}{\376\377\000L\036\335\000i\000\040\000m\036\337\000\040\001\021\036\247\000u}{}% 2
\BOOKMARK [1][-]{section.1}{\376\377\000C\001\241\000\040\000s\036\337\000\040\000V\036\255\000t\000\040\000l\000\375\000\040\000c\036\347\000a\000\040\001\020\036\331\000n\000g\000\040\000l\036\361\000c\000\040\000h\036\315\000c\000\040\000c\000h\036\245\000t\000\040\000k\000h\000\355}{}% 3
\BOOKMARK [2][-]{subsection.1.1}{\376\377\000B\036\243\000n\000\040\000c\000h\036\245\000t\000\040\000c\036\347\000a\000\040\000\301\000p\000\040\000s\000u\036\245\000t\000\040\000v\000\340\000\040\001\020\036\331\000n\000g\000\040\000l\001\260\036\343\000n\000g}{section.1}% 4
\BOOKMARK [2][-]{subsection.1.2}{\376\377\000N\001\003\000n\000g\000\040\000l\001\260\036\343\000n\000g\000\040\000v\000\340\000\040\000P\000h\001\260\001\241\000n\000g\000\040\000t\000r\000\354\000n\000h\000\040\000t\000r\036\241\000n\000g\000\040\000t\000h\000\341\000i}{section.1}% 5
\BOOKMARK [2][-]{subsection.1.3}{\376\377\000E\000n\000t\000r\000o\000p\000y}{section.1}% 6
\BOOKMARK [2][-]{subsection.1.4}{\376\377\000D\000\362\000n\000g\000\040\001\021\036\263\000n\000g\000\040\000e\000n\000t\000r\000o\000p\000y}{section.1}% 7
\BOOKMARK [2][-]{subsection.1.5}{\376\377\000D\000\362\000n\000g\000\040\001\021\036\263\000n\000g\000\040\000n\000h\000i\036\307\000t}{section.1}% 8
\BOOKMARK [1][-]{section.2}{\376\377\000B\000\340\000i\000\040\000t\000o\000\341\000n\000\040\000R\000i\000e\000m\000a\000n\000n\000\040\000v\000\340\000\040\000C\036\245\000u\000\040\000t\000r\000\372\000c\000\040\000s\000\363\000n\000g}{}% 9
\BOOKMARK [2][-]{subsection.2.1}{\376\377\000G\000i\036\333\000i\000\040\000t\000h\000i\036\307\000u\000\040\000c\000h\000u\000n\000g}{section.2}% 10
\BOOKMARK [2][-]{subsection.2.2}{\376\377\000P\000h\001\260\001\241\000n\000g\000\040\000p\000h\000\341\000p\000\040\000g\000i\036\243\000i\000\040\000n\000g\000h\000i\036\307\000m\000\040\000c\000h\000\355\000n\000h\000\040\000x\000\341\000c}{section.2}% 11
\BOOKMARK [2][-]{subsection.2.3}{\376\377\000M\000i\000n\000h\000\040\000h\036\315\000a\000\040\000k\036\277\000t\000\040\000q\000u\036\243\000\040\000b\000\340\000i\000\040\000t\000o\000\341\000n\000\040\000t\036\241\000i\000\040\000t\000\040\000=\000\040\0000\000.\0002}{section.2}% 12
\BOOKMARK [1][-]{section.3}{\376\377\000C\000\341\000c\000\040\000p\000h\001\260\001\241\000n\000g\000\040\000p\000h\000\341\000p\000\040\000t\000h\036\303\000\040\000t\000\355\000c\000h\000\040\000h\036\357\000u\000\040\000h\036\241\000n}{}% 13
\BOOKMARK [2][-]{subsection.3.1}{\376\377\000P\000h\001\260\001\241\000n\000g\000\040\000p\000h\000\341\000p\000\040\000t\000h\036\303\000\040\000t\000\355\000c\000h\000\040\000h\036\357\000u\000\040\000h\036\241\000n\000\040\000c\036\347\000a\000\040\001\021\036\313\000n\000h\000\040\000l\000u\036\255\000t\000\040\000b\036\243\000o\000\040\000t\000o\000\340\000n}{section.3}% 14
\BOOKMARK [2][-]{subsection.3.2}{\376\377\000P\000h\001\260\001\241\000n\000g\000\040\000p\000h\000\341\000p\000\040\000L\000a\000x\000-\000F\000r\000i\000e\000d\000r\000i\000c\000h\000\040\000v\000\340\000\040\000l\000o\000c\000a\000l\000\040\000L\000a\000x\000-\000F\000r\000i\000e\000d\000r\000i\000c\000h}{section.3}% 15
\BOOKMARK [3][-]{subsubsection.3.2.1}{\376\377\000L\000a\000x\000-\000F\000r\000i\000e\000d\000r\000i\000c\000h}{subsection.3.2}% 16
\BOOKMARK [3][-]{subsubsection.3.2.2}{\376\377\000P\000h\001\260\001\241\000n\000g\000\040\000p\000h\000\341\000p\000\040\000l\000o\000c\000a\000l\000\040\000L\000a\000x\000-\000F\000r\000i\000e\000d\000r\000i\000c\000h}{subsection.3.2}% 17
\BOOKMARK [2][-]{subsection.3.3}{\376\377\000P\000h\001\260\001\241\000n\000g\000\040\000p\000h\000\341\000p\000\040\000b\036\255\000c\000\040\0002\000\040\000c\000h\000o\000\040\000k\000h\000\364\000n\000g\000\040\000g\000i\000a\000n\000\040\000-\000\040\000P\000i\000e\000c\000e\000w\000i\000s\000e\000\040\000l\000i\000n\000e\000a\000r\000\040\000c\000o\000n\000s\000t\000r\000u\000c\000t\000i\000o\000n}{section.3}% 18
\BOOKMARK [2][-]{subsection.3.4}{\376\377\000P\000h\001\260\001\241\000n\000g\000\040\000p\000h\000\341\000p\000\040\000b\036\255\000c\000\040\0002\000\040\000t\000h\000e\000o\000\040\000t\000h\036\335\000i\000\040\000g\000i\000a\000n\000\040\000-\000\040\000C\000\364\000n\000g\000\040\000t\000h\036\351\000c\000\040\000H\000e\000u\000n}{section.3}% 19
\BOOKMARK [3][-]{subsubsection.3.4.1}{\376\377\000B\000i\036\277\000n\000\040\001\021\036\325\000i\000\040\000p\000h\001\260\001\241\000n\000g\000\040\000t\000r\000\354\000n\000h\000\040\000v\036\301\000\040\000d\036\241\000n\000g\000\040\000O\000D\000E}{subsection.3.4}% 20
\BOOKMARK [3][-]{subsubsection.3.4.2}{\376\377\000\301\000p\000\040\000d\036\345\000n\000g\000\040\000c\000\364\000n\000g\000\040\000t\000h\036\351\000c\000\040\000H\000e\000u\000n}{subsection.3.4}% 21
\BOOKMARK [1][-]{section.4}{\376\377\000S\000o\000\040\000s\000\341\000n\000h\000\040\000n\000g\000h\000i\036\307\000m\000\040\000x\036\245\000p\000\040\000x\036\311\000\040\000v\000\340\000\040\000n\000g\000h\000i\036\307\000m\000\040\000c\000h\000\355\000n\000h\000\040\000x\000\341\000c}{}% 22
\BOOKMARK [1][-]{figure.caption.10}{\376\377\000K\036\277\000t\000\040\000l\000u\036\255\000n}{}% 23
\BOOKMARK [2][-]{subsection.4.1}{\376\377\000N\000h\036\357\000n\000g\000\040\000k\036\277\000t\000\040\000q\000u\036\243\000\040\001\021\036\241\000t\000\040\001\021\001\260\036\343\000c}{figure.caption.10}% 24
\BOOKMARK [2][-]{subsection.4.2}{\376\377\001\020\000\341\000n\000h\000\040\000g\000i\000\341\000\040\000v\000\340\000\040\000n\000h\036\255\000n\000\040\000x\000\351\000t}{figure.caption.10}% 25
\BOOKMARK [2][-]{subsection.4.3}{\376\377\000H\001\260\036\333\000n\000g\000\040\000p\000h\000\341\000t\000\040\000t\000r\000i\036\303\000n}{figure.caption.10}% 26
\BOOKMARK [1][-]{subsection.4.3}{\376\377\000T\000\340\000i\000\040\000l\000i\036\307\000u\000\040\000t\000h\000a\000m\000\040\000k\000h\036\243\000o}{}% 27
